getImportAttributesFromImport
| js-import-assertions.js:1:1:1:38 | import  ... son" }; | js-import-assertions.js:1:22:1:37 | { type: "json" } |
| js-import-assertions.js:2:1:2:51 | import  ... son" }; | js-import-assertions.js:2:35:2:50 | { type: "json" } |
| js-import-assertions.js:3:1:3:50 | import  ... son" }; | js-import-assertions.js:3:34:3:49 | { type: "json" } |
| js-import-assertions.js:4:1:4:46 | import  ... son" }; | js-import-assertions.js:4:30:4:45 | { type: "json" } |
| ts-import-assertions.ts:3:1:3:38 | import  ... son" }; | ts-import-assertions.ts:3:22:3:37 | { type: "json" } |
| ts-import-assertions.ts:4:1:4:51 | import  ... son" }; | ts-import-assertions.ts:4:35:4:50 | { type: "json" } |
| ts-import-assertions.ts:5:1:5:50 | import  ... son" }; | ts-import-assertions.ts:5:34:5:49 | { type: "json" } |
| ts-import-assertions.ts:6:1:6:46 | import  ... son" }; | ts-import-assertions.ts:6:30:6:45 | { type: "json" } |
getImportAttributesFromExport
| js-import-assertions.js:6:1:6:50 | export  ... son" }; | js-import-assertions.js:6:34:6:49 | { type: "json" } |
| js-import-assertions.js:7:1:7:45 | export  ... son" }; | js-import-assertions.js:7:29:7:44 | { type: "json" } |
| js-import-assertions.js:8:1:8:51 | export  ... son" }; | js-import-assertions.js:8:35:8:50 | { type: "json" } |
| ts-import-assertions.ts:8:1:8:50 | export  ... son" }; | ts-import-assertions.ts:8:34:8:49 | { type: "json" } |
| ts-import-assertions.ts:9:1:9:45 | export  ... son" }; | ts-import-assertions.ts:9:29:9:44 | { type: "json" } |
| ts-import-assertions.ts:10:1:10:51 | export  ... son" }; | ts-import-assertions.ts:10:35:10:50 | { type: "json" } |
getImportAttributes
| js-import-assertions.js:10:12:10:55 | import( ... n" } }) | js-import-assertions.js:10:29:10:54 | { with: ... on" } } |
| ts-import-assertions.ts:12:12:12:55 | import( ... n" } }) | ts-import-assertions.ts:12:29:12:54 | { with: ... on" } } |
errors
