failures
edges
| local_dataflow.rb:78:12:78:20 | call to source :  | local_dataflow.rb:79:25:79:25 | b |
| local_dataflow.rb:78:12:78:20 | call to source :  | local_dataflow.rb:80:29:80:29 | a |
| local_dataflow.rb:78:12:78:20 | call to source :  | local_dataflow.rb:82:12:82:12 | c |
| local_dataflow.rb:78:12:78:20 | call to source :  | local_dataflow.rb:83:12:83:12 | d |
| local_dataflow.rb:78:12:78:20 | call to source :  | local_dataflow.rb:84:12:84:12 | e |
| local_dataflow.rb:78:12:78:20 | call to source :  | local_dataflow.rb:85:27:85:27 | f |
| local_dataflow.rb:78:12:78:20 | call to source :  | local_dataflow.rb:86:33:86:33 | g |
| local_dataflow.rb:78:12:78:20 | call to source :  | local_dataflow.rb:87:25:87:25 | x |
| local_dataflow.rb:78:12:78:20 | call to source :  | local_dataflow.rb:89:8:89:8 | z |
| local_dataflow.rb:93:7:93:15 | call to source :  | local_dataflow.rb:94:8:94:8 | a |
| local_dataflow.rb:93:7:93:15 | call to source :  | local_dataflow.rb:94:8:94:8 | a |
| local_dataflow.rb:93:20:93:28 | call to source :  | local_dataflow.rb:94:8:94:8 | a |
| local_dataflow.rb:93:20:93:28 | call to source :  | local_dataflow.rb:94:8:94:8 | a |
| local_dataflow.rb:95:8:95:16 | call to source :  | local_dataflow.rb:96:8:96:8 | b |
| local_dataflow.rb:95:8:95:16 | call to source :  | local_dataflow.rb:96:8:96:8 | b |
| local_dataflow.rb:95:21:95:29 | call to source :  | local_dataflow.rb:96:8:96:8 | b |
| local_dataflow.rb:95:21:95:29 | call to source :  | local_dataflow.rb:96:8:96:8 | b |
| local_dataflow.rb:98:7:98:15 | call to source :  | local_dataflow.rb:99:8:99:8 | a |
| local_dataflow.rb:98:7:98:15 | call to source :  | local_dataflow.rb:99:8:99:8 | a |
| local_dataflow.rb:98:20:98:28 | call to source :  | local_dataflow.rb:99:8:99:8 | a |
| local_dataflow.rb:98:20:98:28 | call to source :  | local_dataflow.rb:99:8:99:8 | a |
| local_dataflow.rb:100:8:100:16 | call to source :  | local_dataflow.rb:101:8:101:8 | b |
| local_dataflow.rb:100:8:100:16 | call to source :  | local_dataflow.rb:101:8:101:8 | b |
| local_dataflow.rb:100:22:100:30 | call to source :  | local_dataflow.rb:101:8:101:8 | b |
| local_dataflow.rb:100:22:100:30 | call to source :  | local_dataflow.rb:101:8:101:8 | b |
| local_dataflow.rb:103:7:103:15 | call to source :  | local_dataflow.rb:105:8:105:8 | a |
| local_dataflow.rb:103:7:103:15 | call to source :  | local_dataflow.rb:105:8:105:8 | a |
| local_dataflow.rb:104:9:104:17 | call to source :  | local_dataflow.rb:105:8:105:8 | a |
| local_dataflow.rb:104:9:104:17 | call to source :  | local_dataflow.rb:105:8:105:8 | a |
| local_dataflow.rb:106:7:106:15 | call to source :  | local_dataflow.rb:108:8:108:8 | b |
| local_dataflow.rb:106:7:106:15 | call to source :  | local_dataflow.rb:108:8:108:8 | b |
| local_dataflow.rb:107:9:107:17 | call to source :  | local_dataflow.rb:108:8:108:8 | b |
| local_dataflow.rb:107:9:107:17 | call to source :  | local_dataflow.rb:108:8:108:8 | b |
nodes
| local_dataflow.rb:78:12:78:20 | call to source :  | semmle.label | call to source :  |
| local_dataflow.rb:79:25:79:25 | b | semmle.label | b |
| local_dataflow.rb:80:29:80:29 | a | semmle.label | a |
| local_dataflow.rb:82:12:82:12 | c | semmle.label | c |
| local_dataflow.rb:83:12:83:12 | d | semmle.label | d |
| local_dataflow.rb:84:12:84:12 | e | semmle.label | e |
| local_dataflow.rb:85:27:85:27 | f | semmle.label | f |
| local_dataflow.rb:86:33:86:33 | g | semmle.label | g |
| local_dataflow.rb:87:25:87:25 | x | semmle.label | x |
| local_dataflow.rb:89:8:89:8 | z | semmle.label | z |
| local_dataflow.rb:93:7:93:15 | call to source :  | semmle.label | call to source :  |
| local_dataflow.rb:93:7:93:15 | call to source :  | semmle.label | call to source :  |
| local_dataflow.rb:93:20:93:28 | call to source :  | semmle.label | call to source :  |
| local_dataflow.rb:93:20:93:28 | call to source :  | semmle.label | call to source :  |
| local_dataflow.rb:94:8:94:8 | a | semmle.label | a |
| local_dataflow.rb:94:8:94:8 | a | semmle.label | a |
| local_dataflow.rb:95:8:95:16 | call to source :  | semmle.label | call to source :  |
| local_dataflow.rb:95:8:95:16 | call to source :  | semmle.label | call to source :  |
| local_dataflow.rb:95:21:95:29 | call to source :  | semmle.label | call to source :  |
| local_dataflow.rb:95:21:95:29 | call to source :  | semmle.label | call to source :  |
| local_dataflow.rb:96:8:96:8 | b | semmle.label | b |
| local_dataflow.rb:96:8:96:8 | b | semmle.label | b |
| local_dataflow.rb:98:7:98:15 | call to source :  | semmle.label | call to source :  |
| local_dataflow.rb:98:7:98:15 | call to source :  | semmle.label | call to source :  |
| local_dataflow.rb:98:20:98:28 | call to source :  | semmle.label | call to source :  |
| local_dataflow.rb:98:20:98:28 | call to source :  | semmle.label | call to source :  |
| local_dataflow.rb:99:8:99:8 | a | semmle.label | a |
| local_dataflow.rb:99:8:99:8 | a | semmle.label | a |
| local_dataflow.rb:100:8:100:16 | call to source :  | semmle.label | call to source :  |
| local_dataflow.rb:100:8:100:16 | call to source :  | semmle.label | call to source :  |
| local_dataflow.rb:100:22:100:30 | call to source :  | semmle.label | call to source :  |
| local_dataflow.rb:100:22:100:30 | call to source :  | semmle.label | call to source :  |
| local_dataflow.rb:101:8:101:8 | b | semmle.label | b |
| local_dataflow.rb:101:8:101:8 | b | semmle.label | b |
| local_dataflow.rb:103:7:103:15 | call to source :  | semmle.label | call to source :  |
| local_dataflow.rb:103:7:103:15 | call to source :  | semmle.label | call to source :  |
| local_dataflow.rb:104:9:104:17 | call to source :  | semmle.label | call to source :  |
| local_dataflow.rb:104:9:104:17 | call to source :  | semmle.label | call to source :  |
| local_dataflow.rb:105:8:105:8 | a | semmle.label | a |
| local_dataflow.rb:105:8:105:8 | a | semmle.label | a |
| local_dataflow.rb:106:7:106:15 | call to source :  | semmle.label | call to source :  |
| local_dataflow.rb:106:7:106:15 | call to source :  | semmle.label | call to source :  |
| local_dataflow.rb:107:9:107:17 | call to source :  | semmle.label | call to source :  |
| local_dataflow.rb:107:9:107:17 | call to source :  | semmle.label | call to source :  |
| local_dataflow.rb:108:8:108:8 | b | semmle.label | b |
| local_dataflow.rb:108:8:108:8 | b | semmle.label | b |
subpaths
#select
| local_dataflow.rb:79:25:79:25 | b | local_dataflow.rb:78:12:78:20 | call to source :  | local_dataflow.rb:79:25:79:25 | b | $@ | local_dataflow.rb:78:12:78:20 | call to source :  | call to source :  |
| local_dataflow.rb:80:29:80:29 | a | local_dataflow.rb:78:12:78:20 | call to source :  | local_dataflow.rb:80:29:80:29 | a | $@ | local_dataflow.rb:78:12:78:20 | call to source :  | call to source :  |
| local_dataflow.rb:82:12:82:12 | c | local_dataflow.rb:78:12:78:20 | call to source :  | local_dataflow.rb:82:12:82:12 | c | $@ | local_dataflow.rb:78:12:78:20 | call to source :  | call to source :  |
| local_dataflow.rb:83:12:83:12 | d | local_dataflow.rb:78:12:78:20 | call to source :  | local_dataflow.rb:83:12:83:12 | d | $@ | local_dataflow.rb:78:12:78:20 | call to source :  | call to source :  |
| local_dataflow.rb:84:12:84:12 | e | local_dataflow.rb:78:12:78:20 | call to source :  | local_dataflow.rb:84:12:84:12 | e | $@ | local_dataflow.rb:78:12:78:20 | call to source :  | call to source :  |
| local_dataflow.rb:85:27:85:27 | f | local_dataflow.rb:78:12:78:20 | call to source :  | local_dataflow.rb:85:27:85:27 | f | $@ | local_dataflow.rb:78:12:78:20 | call to source :  | call to source :  |
| local_dataflow.rb:86:33:86:33 | g | local_dataflow.rb:78:12:78:20 | call to source :  | local_dataflow.rb:86:33:86:33 | g | $@ | local_dataflow.rb:78:12:78:20 | call to source :  | call to source :  |
| local_dataflow.rb:87:25:87:25 | x | local_dataflow.rb:78:12:78:20 | call to source :  | local_dataflow.rb:87:25:87:25 | x | $@ | local_dataflow.rb:78:12:78:20 | call to source :  | call to source :  |
| local_dataflow.rb:89:8:89:8 | z | local_dataflow.rb:78:12:78:20 | call to source :  | local_dataflow.rb:89:8:89:8 | z | $@ | local_dataflow.rb:78:12:78:20 | call to source :  | call to source :  |
| local_dataflow.rb:94:8:94:8 | a | local_dataflow.rb:93:7:93:15 | call to source :  | local_dataflow.rb:94:8:94:8 | a | $@ | local_dataflow.rb:93:7:93:15 | call to source :  | call to source :  |
| local_dataflow.rb:94:8:94:8 | a | local_dataflow.rb:93:20:93:28 | call to source :  | local_dataflow.rb:94:8:94:8 | a | $@ | local_dataflow.rb:93:20:93:28 | call to source :  | call to source :  |
| local_dataflow.rb:96:8:96:8 | b | local_dataflow.rb:95:8:95:16 | call to source :  | local_dataflow.rb:96:8:96:8 | b | $@ | local_dataflow.rb:95:8:95:16 | call to source :  | call to source :  |
| local_dataflow.rb:96:8:96:8 | b | local_dataflow.rb:95:21:95:29 | call to source :  | local_dataflow.rb:96:8:96:8 | b | $@ | local_dataflow.rb:95:21:95:29 | call to source :  | call to source :  |
| local_dataflow.rb:99:8:99:8 | a | local_dataflow.rb:98:7:98:15 | call to source :  | local_dataflow.rb:99:8:99:8 | a | $@ | local_dataflow.rb:98:7:98:15 | call to source :  | call to source :  |
| local_dataflow.rb:99:8:99:8 | a | local_dataflow.rb:98:20:98:28 | call to source :  | local_dataflow.rb:99:8:99:8 | a | $@ | local_dataflow.rb:98:20:98:28 | call to source :  | call to source :  |
| local_dataflow.rb:101:8:101:8 | b | local_dataflow.rb:100:8:100:16 | call to source :  | local_dataflow.rb:101:8:101:8 | b | $@ | local_dataflow.rb:100:8:100:16 | call to source :  | call to source :  |
| local_dataflow.rb:101:8:101:8 | b | local_dataflow.rb:100:22:100:30 | call to source :  | local_dataflow.rb:101:8:101:8 | b | $@ | local_dataflow.rb:100:22:100:30 | call to source :  | call to source :  |
| local_dataflow.rb:105:8:105:8 | a | local_dataflow.rb:103:7:103:15 | call to source :  | local_dataflow.rb:105:8:105:8 | a | $@ | local_dataflow.rb:103:7:103:15 | call to source :  | call to source :  |
| local_dataflow.rb:105:8:105:8 | a | local_dataflow.rb:104:9:104:17 | call to source :  | local_dataflow.rb:105:8:105:8 | a | $@ | local_dataflow.rb:104:9:104:17 | call to source :  | call to source :  |
| local_dataflow.rb:108:8:108:8 | b | local_dataflow.rb:106:7:106:15 | call to source :  | local_dataflow.rb:108:8:108:8 | b | $@ | local_dataflow.rb:106:7:106:15 | call to source :  | call to source :  |
| local_dataflow.rb:108:8:108:8 | b | local_dataflow.rb:107:9:107:17 | call to source :  | local_dataflow.rb:108:8:108:8 | b | $@ | local_dataflow.rb:107:9:107:17 | call to source :  | call to source :  |
