edges
| test.py:1:26:1:32 | ControlFlowNode for ImportMember | test.py:1:26:1:32 | GSSA Variable request |
| test.py:1:26:1:32 | GSSA Variable request | test.py:9:19:9:25 | ControlFlowNode for request |
| test.py:1:26:1:32 | GSSA Variable request | test.py:20:19:20:25 | ControlFlowNode for request |
| test.py:9:19:9:25 | ControlFlowNode for request | test.py:9:19:9:30 | ControlFlowNode for Attribute |
| test.py:9:19:9:30 | ControlFlowNode for Attribute | test.py:9:19:9:45 | ControlFlowNode for Subscript |
| test.py:9:19:9:45 | ControlFlowNode for Subscript | test.py:10:34:10:44 | ControlFlowNode for xml_content |
| test.py:20:19:20:25 | ControlFlowNode for request | test.py:20:19:20:30 | ControlFlowNode for Attribute |
| test.py:20:19:20:30 | ControlFlowNode for Attribute | test.py:20:19:20:45 | ControlFlowNode for Subscript |
| test.py:20:19:20:45 | ControlFlowNode for Subscript | test.py:31:34:31:44 | ControlFlowNode for xml_content |
nodes
| test.py:1:26:1:32 | ControlFlowNode for ImportMember | semmle.label | ControlFlowNode for ImportMember |
| test.py:1:26:1:32 | GSSA Variable request | semmle.label | GSSA Variable request |
| test.py:9:19:9:25 | ControlFlowNode for request | semmle.label | ControlFlowNode for request |
| test.py:9:19:9:30 | ControlFlowNode for Attribute | semmle.label | ControlFlowNode for Attribute |
| test.py:9:19:9:45 | ControlFlowNode for Subscript | semmle.label | ControlFlowNode for Subscript |
| test.py:10:34:10:44 | ControlFlowNode for xml_content | semmle.label | ControlFlowNode for xml_content |
| test.py:20:19:20:25 | ControlFlowNode for request | semmle.label | ControlFlowNode for request |
| test.py:20:19:20:30 | ControlFlowNode for Attribute | semmle.label | ControlFlowNode for Attribute |
| test.py:20:19:20:45 | ControlFlowNode for Subscript | semmle.label | ControlFlowNode for Subscript |
| test.py:31:34:31:44 | ControlFlowNode for xml_content | semmle.label | ControlFlowNode for xml_content |
subpaths
#select
| test.py:10:34:10:44 | ControlFlowNode for xml_content | test.py:1:26:1:32 | ControlFlowNode for ImportMember | test.py:10:34:10:44 | ControlFlowNode for xml_content | XML parsing depends on a $@ without guarding against external entity expansion. | test.py:1:26:1:32 | ControlFlowNode for ImportMember | user-provided value |
| test.py:31:34:31:44 | ControlFlowNode for xml_content | test.py:1:26:1:32 | ControlFlowNode for ImportMember | test.py:31:34:31:44 | ControlFlowNode for xml_content | XML parsing depends on a $@ without guarding against external entity expansion. | test.py:1:26:1:32 | ControlFlowNode for ImportMember | user-provided value |
