| var_decls.swift:4:7:4:7 | i | getModule: | file://:0:0:0:0 | var_decls | getInterfaceType: | Int | getName: | i | getType: | Int | getIntroducerInt: | 1 |
| var_decls.swift:7:5:7:5 | numbers | getModule: | file://:0:0:0:0 | var_decls | getInterfaceType: | [Int] | getName: | numbers | getType: | [Int] | getIntroducerInt: | 1 |
| var_decls.swift:10:12:10:12 | numbers | getModule: | file://:0:0:0:0 | var_decls | getInterfaceType: | [Int] | getName: | numbers | getType: | [Int] | getIntroducerInt: | 0 |
| var_decls.swift:15:7:15:7 | wrappedValue | getModule: | file://:0:0:0:0 | var_decls | getInterfaceType: | T | getName: | wrappedValue | getType: | T | getIntroducerInt: | 1 |
| var_decls.swift:20:7:20:7 | wrappedValue | getModule: | file://:0:0:0:0 | var_decls | getInterfaceType: | Int | getName: | wrappedValue | getType: | Int | getIntroducerInt: | 1 |
| var_decls.swift:24:15:24:15 | _wrapped | getModule: | file://:0:0:0:0 | var_decls | getInterfaceType: | X<Y> | getName: | _wrapped | getType: | X<Y> | getIntroducerInt: | 1 |
| var_decls.swift:24:15:24:15 | wrapped | getModule: | file://:0:0:0:0 | var_decls | getInterfaceType: | Int | getName: | wrapped | getType: | Int | getIntroducerInt: | 1 |
| var_decls.swift:28:7:28:7 | wrappedValue | getModule: | file://:0:0:0:0 | var_decls | getInterfaceType: | Int | getName: | wrappedValue | getType: | Int | getIntroducerInt: | 1 |
| var_decls.swift:34:7:34:7 | wrappedValue | getModule: | file://:0:0:0:0 | var_decls | getInterfaceType: | Int | getName: | wrappedValue | getType: | Int | getIntroducerInt: | 1 |
| var_decls.swift:35:7:35:7 | projectedValue | getModule: | file://:0:0:0:0 | var_decls | getInterfaceType: | Bool | getName: | projectedValue | getType: | Bool | getIntroducerInt: | 1 |
| var_decls.swift:39:7:39:7 | wrappedValue | getModule: | file://:0:0:0:0 | var_decls | getInterfaceType: | Int | getName: | wrappedValue | getType: | Int | getIntroducerInt: | 1 |
| var_decls.swift:40:7:40:7 | projectedValue | getModule: | file://:0:0:0:0 | var_decls | getInterfaceType: | Bool | getName: | projectedValue | getType: | Bool | getIntroducerInt: | 1 |
| var_decls.swift:54:10:54:10 | _w1 | getModule: | file://:0:0:0:0 | var_decls | getInterfaceType: | X<Int> | getName: | _w1 | getType: | X<Int> | getIntroducerInt: | 1 |
| var_decls.swift:54:10:54:10 | w1 | getModule: | file://:0:0:0:0 | var_decls | getInterfaceType: | Int | getName: | w1 | getType: | Int | getIntroducerInt: | 1 |
| var_decls.swift:55:24:55:24 | _w2 | getModule: | file://:0:0:0:0 | var_decls | getInterfaceType: | WrapperWithInit | getName: | _w2 | getType: | WrapperWithInit | getIntroducerInt: | 1 |
| var_decls.swift:55:24:55:24 | w2 | getModule: | file://:0:0:0:0 | var_decls | getInterfaceType: | Int | getName: | w2 | getType: | Int | getIntroducerInt: | 1 |
| var_decls.swift:56:29:56:29 | $w3 | getModule: | file://:0:0:0:0 | var_decls | getInterfaceType: | Bool | getName: | $w3 | getType: | Bool | getIntroducerInt: | 1 |
| var_decls.swift:56:29:56:29 | _w3 | getModule: | file://:0:0:0:0 | var_decls | getInterfaceType: | WrapperWithProjected | getName: | _w3 | getType: | WrapperWithProjected | getIntroducerInt: | 1 |
| var_decls.swift:56:29:56:29 | w3 | getModule: | file://:0:0:0:0 | var_decls | getInterfaceType: | Int | getName: | w3 | getType: | Int | getIntroducerInt: | 1 |
| var_decls.swift:57:36:57:36 | $w4 | getModule: | file://:0:0:0:0 | var_decls | getInterfaceType: | Bool | getName: | $w4 | getType: | Bool | getIntroducerInt: | 1 |
| var_decls.swift:57:36:57:36 | _w4 | getModule: | file://:0:0:0:0 | var_decls | getInterfaceType: | WrapperWithProjectedAndInit | getName: | _w4 | getType: | WrapperWithProjectedAndInit | getIntroducerInt: | 1 |
| var_decls.swift:57:36:57:36 | w4 | getModule: | file://:0:0:0:0 | var_decls | getInterfaceType: | Int | getName: | w4 | getType: | Int | getIntroducerInt: | 1 |
