| Test.java:16:3:16:11 | reference | command-injection, path-injection, request-forgery, sql-injection\nrelated locations: $@.\nmetadata: $@, $@, $@, $@, $@, $@, $@. | Test.java:16:3:16:24 | set(...) | CallContext | file://java.util.concurrent.atomic:1:1:1:1 | java.util.concurrent.atomic | package | file://AtomicReference:1:1:1:1 | AtomicReference | type | file://false:1:1:1:1 | false | subtypes | file://set:1:1:1:1 | set | name | file://(String):1:1:1:1 | (String) | signature | file://Argument[this]:1:1:1:1 | Argument[this] | input | file://false:1:1:1:1 | false | isVarargsArray |
| Test.java:21:3:21:10 | supplier | command-injection, path-injection, request-forgery, sql-injection\nrelated locations: $@.\nmetadata: $@, $@, $@, $@, $@, $@, $@. | Test.java:21:3:21:16 | get(...) | CallContext | file://java.util.function:1:1:1:1 | java.util.function | package | file://Supplier:1:1:1:1 | Supplier | type | file://true:1:1:1:1 | true | subtypes | file://get:1:1:1:1 | get | name | file://():1:1:1:1 | () | signature | file://Argument[this]:1:1:1:1 | Argument[this] | input | file://false:1:1:1:1 | false | isVarargsArray |
| Test.java:53:4:53:4 | o | command-injection, path-injection, request-forgery, sql-injection\nrelated locations: $@.\nmetadata: $@, $@, $@, $@, $@, $@, $@. | Test.java:51:3:56:3 | walk(...) | CallContext | file://java.nio.file:1:1:1:1 | java.nio.file | package | file://Files:1:1:1:1 | Files | type | file://false:1:1:1:1 | false | subtypes | file://walk:1:1:1:1 | walk | name | file://(Path,FileVisitOption[]):1:1:1:1 | (Path,FileVisitOption[]) | signature | file://Argument[1]:1:1:1:1 | Argument[1] | input | file://true:1:1:1:1 | true | isVarargsArray |
