caseValues
| cases.rb:8:1:15:3 | case ... | cases.rb:8:6:8:6 | a |
| cases.rb:26:1:29:3 | case ... | cases.rb:27:13:27:16 | true |
| cases.rb:31:1:37:3 | case ... | cases.rb:35:8:35:11 | true |
| cases.rb:39:1:80:3 | case ... | cases.rb:79:6:79:7 | [...] |
| cases.rb:86:1:109:3 | case ... | cases.rb:108:6:108:23 | ( ... ) |
| cases.rb:113:1:121:3 | case ... | cases.rb:120:6:120:24 | call to Bar |
| cases.rb:125:1:130:3 | case ... | cases.rb:129:6:129:19 | call to Foo |
| cases.rb:134:1:142:3 | case ... | cases.rb:141:6:141:22 | call to Bar |
caseNoValues
| cases.rb:18:1:22:3 | case ... |
caseElseBranches
| cases.rb:8:1:15:3 | case ... | cases.rb:13:1:14:7 | else ... |
| cases.rb:26:1:29:3 | case ... | cases.rb:28:3:28:12 | else ... |
| cases.rb:31:1:37:3 | case ... | cases.rb:36:3:36:12 | else ... |
caseNoElseBranches
| cases.rb:18:1:22:3 | case ... |
| cases.rb:39:1:80:3 | case ... |
| cases.rb:86:1:109:3 | case ... |
| cases.rb:113:1:121:3 | case ... |
| cases.rb:125:1:130:3 | case ... |
| cases.rb:134:1:142:3 | case ... |
caseWhenBranches
| cases.rb:8:1:15:3 | case ... | cases.rb:9:1:10:7 | when ... | 0 | cases.rb:9:6:9:6 | b | cases.rb:9:7:10:7 | then ... |
| cases.rb:8:1:15:3 | case ... | cases.rb:11:1:12:7 | when ... | 0 | cases.rb:11:6:11:6 | c | cases.rb:11:10:12:7 | then ... |
| cases.rb:8:1:15:3 | case ... | cases.rb:11:1:12:7 | when ... | 1 | cases.rb:11:9:11:9 | d | cases.rb:11:10:12:7 | then ... |
| cases.rb:18:1:22:3 | case ... | cases.rb:19:1:19:19 | when ... | 0 | cases.rb:19:6:19:10 | ... > ... | cases.rb:19:13:19:19 | then ... |
| cases.rb:18:1:22:3 | case ... | cases.rb:20:1:20:19 | when ... | 0 | cases.rb:20:6:20:11 | ... == ... | cases.rb:20:13:20:19 | then ... |
| cases.rb:18:1:22:3 | case ... | cases.rb:21:1:21:19 | when ... | 0 | cases.rb:21:6:21:10 | ... < ... | cases.rb:21:13:21:19 | then ... |
caseAllBranches
| cases.rb:8:1:15:3 | case ... | 0 | cases.rb:9:1:10:7 | when ... |
| cases.rb:8:1:15:3 | case ... | 1 | cases.rb:11:1:12:7 | when ... |
| cases.rb:8:1:15:3 | case ... | 2 | cases.rb:13:1:14:7 | else ... |
| cases.rb:18:1:22:3 | case ... | 0 | cases.rb:19:1:19:19 | when ... |
| cases.rb:18:1:22:3 | case ... | 1 | cases.rb:20:1:20:19 | when ... |
| cases.rb:18:1:22:3 | case ... | 2 | cases.rb:21:1:21:19 | when ... |
| cases.rb:26:1:29:3 | case ... | 0 | cases.rb:28:3:28:12 | else ... |
| cases.rb:31:1:37:3 | case ... | 0 | cases.rb:36:3:36:12 | else ... |
