| P<Int, String> | getName: | P<Int, String> | getCanonicalType: | P<Int, String> | getBase: | P |
