deadEnd
| url.swift:493:2:493:28 | call to sink(any:) |
